введите /grammar или /dialog
[grammar] > 2026-05-04 00:33:20,076 - INFO - === РЕЖИМ: grammar ===
2026-05-04 00:33:20,076 - INFO - === ВВОД ПОЛЬЗОВАТЕЛЯ: обьясни разницу между 了 и 过 ===
2026-05-04 00:33:20,077 - INFO - === ПРОМПТ ===

Ты — профессиональный репетитор китайского языка (уровни HSK 1–5). 
Твоя задача — объяснять грамматику четко, с примерами и контрастами.

ИНСТРУКЦИЯ (рассуждай по шагам внутри):
1. Определи грамматическую структуру.
2. Сформулируй правило на русском (1–2 предложения).
3. Дай 2 примера: с конструкцией и без неё.
4. Укажи типичную ошибку русскоговорящих.
5. Определи уровень HSK.

Запрос: обьясни разницу между 了 и 过
Ответ: 
            
=== КОНЕЦ ПРОМПТА ===
2026-05-04 00:33:22,738 - INFO - HTTP Request: POST https://openrouter.ai/api/v1/chat/completions "HTTP/1.1 200 OK"
2026-05-04 00:34:29,356 - INFO - Retrying request to /chat/completions in 0.423030 seconds
2026-05-04 00:34:32,394 - INFO - HTTP Request: POST https://openrouter.ai/api/v1/chat/completions "HTTP/1.1 200 OK"
2026-05-04 00:34:52,727 - INFO - === ОТВЕТ МОДЕЛИ ===
Привет! Как твой репетитор, я часто слышу этот вопрос. Разница между **了 (le)** и **过 (guo)** — это фундаментальная тема для HSK 2–3. Давай разберем их по полочкам.

---

### 1. Определение грамматической структуры

*   **了 (le)** — это **аспектная частица реализации (совершения)**. Она ставится сразу после глагола и указывает на то, что действие **произошло, завершилось или изменилось** в конкретный момент.
*   **过 (guo)** — это **аспектная частица опыта**. Она также ставится после глагола и указывает на то, что действие **когда-либо происходило в прошлом** (есть опыт), но сейчас оно не обязательно продолжается или только что завершилось.

### 2. Правило на русском

**了** фиксирует факт совершения действия (что-то сделал и всё), а **过** подчеркивает наличие опыта (пробовал, бывал, случалось ли).

### 3. Примеры: с конструкцией и без неё

#### А) Частица 了 (Завершение / Факт)

*   **С 了:** 我**吃了**饭。 (Wǒ **chī le** fàn.) — Я **поел** (только что закончил, факт совершения).
*   **Без 了:** 我吃饭。 (Wǒ chī fàn.) — Я ем / Я буду есть / Я ем (регулярно). (Простое описание действия без указания на его завершенность).

#### Б) Частица 过 (Опыт)

*   **С 过:** 我**去过**北京。 (Wǒ **qù guo** Běijīng.) — Я **бывал** в Пекине (в жизни был, есть такой опыт).
*   **Без 过:** 我去北京。 (Wǒ qù Běijīng.) — Я еду в Пекин (сейчас или в будущем).

#### В) Контраст (в чем разница):

1.  **我买了这本书。** (Wǒ mǎi le zhè běn shū.) — Я **купил** эту книгу (действие завершено, книга теперь у меня).
2.  **我买过这本书。** (Wǒ mǎi guo zhè běn shū.) — Я **покупал** эту книгу (когда-то в жизни покупал, возможно, потерял или подарил, сейчас её нет, но опыт есть).

### 4. Типичная ошибка русскоговорящих

**Ошибка:** Использовать **了** везде, где в русском языке есть прошедшее время на «-л», даже когда речь идет об опыте.

*   *Неправильно:* 我去了北京。(Wǒ qù le Běijīng.) — Если ты хочешь сказать «Я бывал в Пекине».
    *   *Почему это плохо:* Фраза 我去了北京 обычно воспринимается как «Я уехал в Пекин» (и сейчас там или в пути), а не как констатация факта, что ты там когда-то был.
*   *Правильно:* 我去过北京。(Wǒ qù guo Běijīng.) — Я бывал в Пекине.

**Запомни:** Если ты хочешь спросить «Ты когда-нибудь...?», всегда используй **过**.

### 5. Уровень HSK

*   **了 (le)** — **HSK 2**. (Одна из первых частиц, которую учат для описания прошлого).
*   **过 (guo)** — **HSK 3**. (Требует понимания разницы между фактом и опытом).

---
**Краткая шпаргалка:**
*   **了** = Сделал (и всё, факт).
*   **过** = Пробовал / Бывал (опыт).
=== КОНЕЦ ОТВЕТА ===
2026-05-04 00:34:52,728 - INFO - Ответ от модели: Привет! Как твой репетитор, я часто слышу этот вопрос. Разница между **了 (le)** и **过 (guo)** — это фундаментальная тема для HSK 2–3. Давай разберем их по полочкам.

---

### 1. Определение грамматической структуры

*   **了 (le)** — это **аспектная частица реализации (совершения)**. Она ставится сразу после глагола и указывает на то, что действие **произошло, завершилось или изменилось** в конкретный момент.
*   **过 (guo)** — это **аспектная частица опыта**. Она также ставится после глагола и указывает на то, что действие **когда-либо происходило в прошлом** (есть опыт), но сейчас оно не обязательно продолжается или только что завершилось.

### 2. Правило на русском

**了** фиксирует факт совершения действия (что-то сделал и всё), а **过** подчеркивает наличие опыта (пробовал, бывал, случалось ли).

### 3. Примеры: с конструкцией и без неё

#### А) Частица 了 (Завершение / Факт)

*   **С 了:** 我**吃了**饭。 (Wǒ **chī le** fàn.) — Я **поел** (только что закончил, факт совершения).
*   **Без 了:** 我吃饭。 (Wǒ chī fàn.) — Я ем / Я буду есть / Я ем (регулярно). (Простое описание действия без указания на его завершенность).

#### Б) Частица 过 (Опыт)

*   **С 过:** 我**去过**北京。 (Wǒ **qù guo** Běijīng.) — Я **бывал** в Пекине (в жизни был, есть такой опыт).
*   **Без 过:** 我去北京。 (Wǒ qù Běijīng.) — Я еду в Пекин (сейчас или в будущем).

#### В) Контраст (в чем разница):

1.  **我买了这本书。** (Wǒ mǎi le zhè běn shū.) — Я **купил** эту книгу (действие завершено, книга теперь у меня).
2.  **我买过这本书。** (Wǒ mǎi guo zhè běn shū.) — Я **покупал** эту книгу (когда-то в жизни покупал, возможно, потерял или подарил, сейчас её нет, но опыт есть).

### 4. Типичная ошибка русскоговорящих

**Ошибка:** Использовать **了** везде, где в русском языке есть прошедшее время на «-л», даже когда речь идет об опыте.

*   *Неправильно:* 我去了北京。(Wǒ qù le Běijīng.) — Если ты хочешь сказать «Я бывал в Пекине».
    *   *Почему это плохо:* Фраза 我去了北京 обычно воспринимается как «Я уехал в Пекин» (и сейчас там или в пути), а не как констатация факта, что ты там когда-то был.
*   *Правильно:* 我去过北京。(Wǒ qù guo Běijīng.) — Я бывал в Пекине.

**Запомни:** Если ты хочешь спросить «Ты когда-нибудь...?», всегда используй **过**.

### 5. Уровень HSK

*   **了 (le)** — **HSK 2**. (Одна из первых частиц, которую учат для описания прошлого).
*   **过 (guo)** — **HSK 3**. (Требует понимания разницы между фактом и опытом).

---
**Краткая шпаргалка:**
*   **了** = Сделал (и всё, факт).
*   **过** = Пробовал / Бывал (опыт).
Привет! Как твой репетитор, я часто слышу этот вопрос. Разница между **了 (le)** и **过 (guo)** — это фундаментальная тема для HSK 2–3. Давай разберем их по полочкам.

---

### 1. Определение грамматической структуры

*   **了 (le)** — это **аспектная частица реализации (совершения)**. Она ставится сразу после глагола и указывает на то, что действие **произошло, завершилось или изменилось** в конкретный момент.
*   **过 (guo)** — это **аспектная частица опыта**. Она также ставится после глагола и указывает на то, что действие **когда-либо происходило в прошлом** (есть опыт), но сейчас оно не обязательно продолжается или только что завершилось.

### 2. Правило на русском

**了** фиксирует факт совершения действия (что-то сделал и всё), а **过** подчеркивает наличие опыта (пробовал, бывал, случалось ли).

### 3. Примеры: с конструкцией и без неё

#### А) Частица 了 (Завершение / Факт)

*   **С 了:** 我**吃了**饭。 (Wǒ **chī le** fàn.) — Я **поел** (только что закончил, факт совершения).
*   **Без 了:** 我吃饭。 (Wǒ chī fàn.) — Я ем / Я буду есть / Я ем (регулярно). (Простое описание действия без указания на его завершенность).

#### Б) Частица 过 (Опыт)

*   **С 过:** 我**去过**北京。 (Wǒ **qù guo** Běijīng.) — Я **бывал** в Пекине (в жизни был, есть такой опыт).
*   **Без 过:** 我去北京。 (Wǒ qù Běijīng.) — Я еду в Пекин (сейчас или в будущем).

#### В) Контраст (в чем разница):

1.  **我买了这本书。** (Wǒ mǎi le zhè běn shū.) — Я **купил** эту книгу (действие завершено, книга теперь у меня).
2.  **我买过这本书。** (Wǒ mǎi guo zhè běn shū.) — Я **покупал** эту книгу (когда-то в жизни покупал, возможно, потерял или подарил, сейчас её нет, но опыт есть).

### 4. Типичная ошибка русскоговорящих

**Ошибка:** Использовать **了** везде, где в русском языке есть прошедшее время на «-л», даже когда речь идет об опыте.

*   *Неправильно:* 我去了北京。(Wǒ qù le Běijīng.) — Если ты хочешь сказать «Я бывал в Пекине».
    *   *Почему это плохо:* Фраза 我去了北京 обычно воспринимается как «Я уехал в Пекин» (и сейчас там или в пути), а не как констатация факта, что ты там когда-то был.
*   *Правильно:* 我去过北京。(Wǒ qù guo Běijīng.) — Я бывал в Пекине.

**Запомни:** Если ты хочешь спросить «Ты когда-нибудь...?», всегда используй **过**.

### 5. Уровень HSK

*   **了 (le)** — **HSK 2**. (Одна из первых частиц, которую учат для описания прошлого).
*   **过 (guo)** — **HSK 3**. (Требует понимания разницы между фактом и опытом).

---
**Краткая шпаргалка:**
*   **了** = Сделал (и всё, факт).
*   **过** = Пробовал / Бывал (опыт).
[grammar] > Traceback (most recent call last):
  File "C:\vscode\ai-tutor\src\agent.py", line 135, in <module>
    main()
    ~~~~^^
  File "C:\vscode\ai-tutor\src\agent.py", line 122, in main
    user_input = input(f"[{user_mode}] > ").strip()
                 ~~~~~^^^^^^^^^^^^^^^^^^^^^
EOFError: EOF when reading a line
